
****************************************************************************
***                       Sentaurus Workbench spp                        ***
***                          Version V-2023.12                           ***
***                      (2.8515123, x86_64, Linux)                      ***
***                                                                      ***
***                Copyright (c) 1994-2023 Synopsys, Inc.                ***
***                                                                      ***
***  This software and the associated documentation are confidential     ***
***  and proprietary to Synopsys, Inc.  Your use or disclosure of this   ***
***  software is subject to the terms and conditions of a written        ***
***  license agreement between you, or your company, and Synopsys, Inc.  ***
****************************************************************************

spp is running on host 'cdsl18.cdsl.iitbbs.ac.in' by user 'cdsllab'
Binary: '/cad/synopsys/sentaurus/V-2023.12/tcad/current/linux64/bin/spp'
Command line options: '-verbose -i -e 44 /home/cdsllab/25ec01021/MOSFET'
Project organization 'Traditional'
Some relevant environment variables:
	STROOT=/cad/synopsys/sentaurus/V-2023.12
	STRELEASE=current
	STROOT_LIB=/cad/synopsys/sentaurus/V-2023.12/tcad/current/lib
	STDB=/home/cdsllab
	DATEX=/cad/synopsys/sentaurus/V-2023.12/tcad/current/lib/datexcodes.txt
	DISPLAY=:1

Preprocessing project '/home/cdsllab/25ec01021/MOSFET'
Application mode : traditional
spp will run in Global-per-node mode
INITIALIZING PREPROCESSOR:
Loading project tree '/home/cdsllab/25ec01021/MOSFET/gtree.dat'
Loading project variables '/home/cdsllab/25ec01021/MOSFET/gvars.dat'
--Get files to preprocess...
  -->/home/cdsllab/25ec01021/MOSFET/mosfet_1_dvs.cmd
  -->/home/cdsllab/25ec01021/MOSFET/mosfet_1_dvs.bnd
  -->/home/cdsllab/25ec01021/MOSFET/Breakdown_des.cmd
  -->/home/cdsllab/25ec01021/MOSFET/sdevice.par
  -->/home/cdsllab/25ec01021/MOSFET/id_vds_des.cmd
  -->/home/cdsllab/25ec01021/MOSFET/idvg_des.cmd
  -->/home/cdsllab/25ec01021/MOSFET/equillibrium_des.cmd
--Create file handlers...
--Read the toolflow...
--Analyze tool-file dependencies...
--Read all nodes to preprocess...
--Group nodes into experiments...
--Get all variables...
--Get all parameters...
PREPROCESSOR SUCCESSFULLY INITIALIZED.
PREPROCESSING STEP 1:
Reading file /home/cdsllab/25ec01021/MOSFET/mosfet_1_dvs.cmd
Reading file /home/cdsllab/25ec01021/MOSFET/mosfet_1_dvs.bnd
Reading file /home/cdsllab/25ec01021/MOSFET/Breakdown_des.cmd
Reading file /home/cdsllab/25ec01021/MOSFET/sdevice.par
Reading file /home/cdsllab/25ec01021/MOSFET/id_vds_des.cmd
Reading file /home/cdsllab/25ec01021/MOSFET/idvg_des.cmd
Reading file /home/cdsllab/25ec01021/MOSFET/equillibrium_des.cmd
PREPROCESSING STEP 2:
---------------------------------------
Preprocessing file /home/cdsllab/25ec01021/MOSFET/Breakdown_des.cmd for node 44
'@tdr@' creates dependences with the node(s) '1'
  -Parameter substitution: '@tdr@' has been replaced by 'n1_msh.tdr'

  -Parameter substitution: '@tdrdat@' has been replaced by 'n44_des.tdr'

  -Parameter substitution: '@plot@' has been replaced by 'n44_des.plt'

  -Parameter substitution: '@log@' has been replaced by 'n44_des.log'

  -Parameter substitution: '@parameter@' has been replaced by 'pp44_des.par'

  -Parameter substitution: '1' has been replaced by '1'

  -Expression evaluation: '@<1*1e5/abs(10)>@' has been replaced by '10000.0'

  -Parameter substitution: '1' has been replaced by '1'

  -Expression evaluation: '@<1*1e-14>@' has been replaced by '1e-14'

  -Parameter substitution: '1' has been replaced by '1'

  -Expression evaluation: '@<1*0.01>@' has been replaced by '0.01'

  -Parameter substitution: '@node@' has been replaced by '44'

---------------------------------------
Preprocessing file /home/cdsllab/25ec01021/MOSFET/sdevice.par for node 44
pre scanning file ./Nitride.par
pre scanning file ./PolySilicon.par
pre scanning file ./SiO2.par
pre scanning file ./Silicide.par
pre scanning file ./Silicon.par
+++Preprocessed file written to /home/cdsllab/25ec01021/MOSFET/pp44_des.par
  -Parameter substitution: '@commands@' has been replaced by 'pp44_des.cmd'

cmd_line:pp44_des.cmd
  -Parameter substitution: '@stdout@' has been replaced by 'n44_des.out'

  -Parameter substitution: '@node@' has been replaced by '44'

post_tcl_cmd: extract_vars "$nodedir" n44_des.out 44 
The node '44' has dependencies to the node(s) '1'
Writing 'gexec.cmd'
PREPROCESSING FINISHED, Fri Sep  4 10:44:23 2026
STATUS: Ok
Processing time = 0 s

