###########################################
# Sentaurus Visual V-2023.12.
# Tcl log file.
#------------------------------------------
# Date: Aug 31, 2026. 17:59:31.
# Version: 35.2.8515123 (2.8515123)
# Mode: Interactive (GUI).
# Hostname: cdsl18.cdsl.iitbbs.ac.in.
# Machine: Linux, x86_64, x86_64.
# Kernel: 5.14.0-503.11.1.el9_5.x86_64.
###########################################

load_file /home/cdsllab/25ec01021/MOSFET/IdVd_n18_des.plt
create_plot -1d
select_plots {Plot_1}
#-> Plot_1
#-> Plot_1
#-> IdVd_n18_des
load_file /home/cdsllab/25ec01021/MOSFET/IdVd_n20_des.plt
#-> IdVd_n20_des
load_file /home/cdsllab/25ec01021/MOSFET/IdVd_n30_des.plt
#-> IdVd_n30_des
load_file /home/cdsllab/25ec01021/MOSFET/IdVd_n40_des.plt
#-> IdVd_n40_des
create_curve -axisX {gate OuterVoltage} -axisY {drain TotalCurrent} -dataset {IdVd_n18_des IdVd_n20_des IdVd_n30_des IdVd_n40_des} -plot Plot_1
#-> Curve_1 Curve_2 Curve_3 Curve_4
create_curve -axisX {drain OuterVoltage} -axisY {drain TotalCurrent} -dataset {IdVd_n18_des IdVd_n20_des IdVd_n30_des IdVd_n40_des} -plot Plot_1
#-> Curve_5 Curve_6 Curve_7 Curve_8
zoom_plot -plot Plot_1 -factor 0.9
zoom_plot -plot Plot_1 -factor 0.9
zoom_plot -plot Plot_1 -factor 0.9
zoom_plot -plot Plot_1 -factor 1.1
zoom_plot -plot Plot_1 -factor 1.1
zoom_plot -plot Plot_1 -factor 1.1
remove_curves -plot Plot_1 {Curve_1}
#-> Curve_1
remove_curves -plot Plot_1 {Curve_2}
#-> Curve_2
remove_curves -plot Plot_1 {Curve_3}
#-> Curve_3
remove_curves -plot Plot_1 {Curve_4}
#-> Curve_4
zoom_plot -plot Plot_1 -factor 0.9
zoom_plot -plot Plot_1 -factor 1.1
zoom_plot -plot Plot_1 -factor 1.1
zoom_plot -plot Plot_1 -factor 1.1
zoom_plot -plot Plot_1 -factor 0.9
zoom_plot -plot Plot_1 -factor 0.9
zoom_plot -plot Plot_1 -factor 1.1
zoom_plot -plot Plot_1 -factor 0.9
zoom_plot -plot Plot_1 -factor 0.9
zoom_plot -plot Plot_1 -factor 1.1
zoom_plot -plot Plot_1 -factor 1.1
move_plot -plot Plot_1 -position {0 0}
#-> 0
set_curve_prop {Curve_8} -plot Plot_1 -label vgs=
#-> 0
set_curve_prop {Curve_8} -plot Plot_1 -label vgs=1.5
#-> 0
set_curve_prop {Curve_8} -plot Plot_1 -label vgs=1.5
#-> 0
move_plot -plot Plot_1 -position {0 0}
#-> 0
set_curve_prop {Curve_7} -plot Plot_1 -label vgs=
#-> 0
set_curve_prop {Curve_7} -plot Plot_1 -label vgs=0.9
#-> 0
set_curve_prop {Curve_7} -plot Plot_1 -label vgs=0.9
#-> 0
set_curve_prop {Curve_6} -plot Plot_1 -label vg=0.6
#-> 0
set_curve_prop {Curve_6} -plot Plot_1 -label vg=0.6
#-> 0
set_curve_prop {Curve_5} -plot Plot_1 -label vg=0.3
#-> 0
set_curve_prop {Curve_5} -plot Plot_1 -label vg=0.3
#-> 0
export_curves {Curve_5 Curve_6 Curve_7 Curve_8} -plot Plot_1 -filename /home/cdsllab/25ec01021/q6.csv -format csv
#-> /home/cdsllab/25ec01021/q6.csv
export_variables {{drain TotalCurrent}} -dataset IdVd_n40_des -filename /home/cdsllab/25ec01021/q6_1.csv
#-> /home/cdsllab/25ec01021/q6_1.csv
zoom_plot -plot Plot_1 -factor 1.1
zoom_plot -plot Plot_1 -factor 1.1
zoom_plot -plot Plot_1 -factor 1.1
zoom_plot -plot Plot_1 -factor 1.1
zoom_plot -plot Plot_1 -factor 1.1
zoom_plot -plot Plot_1 -factor 0.9
zoom_plot -plot Plot_1 -factor 0.9
zoom_plot -plot Plot_1 -factor 0.9
zoom_plot -plot Plot_1 -factor 0.9
zoom_plot -plot Plot_1 -factor 0.9
set_legend_prop -plot Plot_1 -position {0.0777311 0.927552}
#-> 0
zoom_plot -plot Plot_1 -factor 1.1
zoom_plot -plot Plot_1 -factor 1.1
zoom_plot -plot Plot_1 -factor 1.1
zoom_plot -plot Plot_1 -factor 1.1
zoom_plot -plot Plot_1 -factor 0.9
zoom_plot -plot Plot_1 -factor 0.9
zoom_plot -plot Plot_1 -factor 0.9
zoom_plot -plot Plot_1 -factor 0.9
zoom_plot -plot Plot_1 -factor 0.9
zoom_plot -plot Plot_1 -factor 0.9
zoom_plot -plot Plot_1 -factor 0.9
export_view /home/cdsllab/25ec01021/MOSFET/q6.png -plots {Plot_1} -format png
#-> 0
exit 0
 
