###########################################
# Sentaurus Visual V-2023.12.
# Tcl log file.
#------------------------------------------
# Date: Sep 07, 2026. 11:00:12.
# Version: 35.2.8515123 (2.8515123)
# Mode: Interactive (GUI).
# Hostname: cdsl18.cdsl.iitbbs.ac.in.
# Machine: Linux, x86_64, x86_64.
# Kernel: 5.14.0-503.11.1.el9_5.x86_64.
###########################################

load_file /home/cdsllab/25ec01021/q10/BV_n44_des.plt
create_plot -1d
select_plots {Plot_1}
#-> Plot_1
#-> Plot_1
#-> BV_n44_des
load_file /home/cdsllab/25ec01021/q10/BV_n53_des.plt
#-> BV_n53_des
create_curve -axisX {drain OuterVoltage} -axisY {drain TotalCurrent} -dataset {BV_n44_des BV_n53_des} -plot Plot_1
#-> Curve_1 Curve_2
export_curves {Curve_1 Curve_2} -plot Plot_1 -filename /home/cdsllab/25ec01021/q10_breakdown.csv -format csv
#-> /home/cdsllab/25ec01021/q10_breakdown.csv
